2026-08-10 16:43:45.170 [main] INFO  o.s.b.t.c.SpringBootTestContextBootstrapper - [TraceId: None] [UserId: None] - Neither @ContextConfiguration nor @ContextHierarchy found for test class [com.campsync.platform.PlatformAdminServiceApplicationTests], using SpringBootContextLoader
2026-08-10 16:43:45.180 [main] INFO  o.s.t.c.s.AbstractContextLoader - [TraceId: None] [UserId: None] - Could not detect default resource locations for test class [com.campsync.platform.PlatformAdminServiceApplicationTests]: no resource found for suffixes {-context.xml, Context.groovy}.
2026-08-10 16:43:45.182 [main] INFO  o.s.t.c.s.AnnotationConfigContextLoaderUtils - [TraceId: None] [UserId: None] - Could not detect default configuration classes for test class [com.campsync.platform.PlatformAdminServiceApplicationTests]: PlatformAdminServiceApplicationTests does not declare any static, non-private, non-final, nested classes annotated with @Configuration.
2026-08-10 16:43:45.367 [main] INFO  o.s.b.t.c.SpringBootTestContextBootstrapper - [TraceId: None] [UserId: None] - Found @SpringBootConfiguration com.campsync.platform.PlatformAdminServiceApplication for test class com.campsync.platform.PlatformAdminServiceApplicationTests
2026-08-10 16:43:45.525 [main] INFO  o.s.b.t.c.SpringBootTestContextBootstrapper - [TraceId: None] [UserId: None] - Loaded default TestExecutionListener class names from location [META-INF/spring.factories]: [org.springframework.boot.test.mock.mockito.MockitoTestExecutionListener, org.springframework.boot.test.mock.mockito.ResetMocksTestExecutionListener, org.springframework.boot.test.autoconfigure.restdocs.RestDocsTestExecutionListener, org.springframework.boot.test.autoconfigure.web.client.MockRestServiceServerResetTestExecutionListener, org.springframework.boot.test.autoconfigure.web.servlet.MockMvcPrintOnlyOnFailureTestExecutionListener, org.springframework.boot.test.autoconfigure.web.servlet.WebDriverTestExecutionListener, org.springframework.boot.test.autoconfigure.webservices.client.MockWebServiceServerTestExecutionListener, org.springframework.test.context.web.ServletTestExecutionListener, org.springframework.test.context.support.DirtiesContextBeforeModesTestExecutionListener, org.springframework.test.context.event.ApplicationEventsTestExecutionListener, org.springframework.test.context.support.DependencyInjectionTestExecutionListener, org.springframework.test.context.support.DirtiesContextTestExecutionListener, org.springframework.test.context.transaction.TransactionalTestExecutionListener, org.springframework.test.context.jdbc.SqlScriptsTestExecutionListener, org.springframework.test.context.event.EventPublishingTestExecutionListener]
2026-08-10 16:43:45.544 [main] INFO  o.s.b.t.c.SpringBootTestContextBootstrapper - [TraceId: None] [UserId: None] - Using TestExecutionListeners: [org.springframework.test.context.web.ServletTestExecutionListener@7354b8c5, org.springframework.test.context.support.DirtiesContextBeforeModesTestExecutionListener@20d7d6fb, org.springframework.test.context.event.ApplicationEventsTestExecutionListener@4ef782af, org.springframework.boot.test.mock.mockito.MockitoTestExecutionListener@11d8ae8b, org.springframework.boot.test.autoconfigure.SpringBootDependencyInjectionTestExecutionListener@479cbee5, org.springframework.test.context.support.DirtiesContextTestExecutionListener@59e2d8e3, org.springframework.test.context.event.EventPublishingTestExecutionListener@2b72cb8a, org.springframework.boot.test.mock.mockito.ResetMocksTestExecutionListener@7f8a9499, org.springframework.boot.test.autoconfigure.restdocs.RestDocsTestExecutionListener@5d43661b, org.springframework.boot.test.autoconfigure.web.client.MockRestServiceServerResetTestExecutionListener@12299890, org.springframework.boot.test.autoconfigure.web.servlet.MockMvcPrintOnlyOnFailureTestExecutionListener@2fba3fc4, org.springframework.boot.test.autoconfigure.web.servlet.WebDriverTestExecutionListener@4bf48f6, org.springframework.boot.test.autoconfigure.webservices.client.MockWebServiceServerTestExecutionListener@420a85c4]
2026-08-10 16:43:46.206 [background-preinit] INFO  o.h.validator.internal.util.Version - [TraceId: None] [UserId: None] - HV000001: Hibernate Validator 6.2.5.Final
2026-08-10 16:43:46.209 [main] INFO  c.c.p.PlatformAdminServiceApplicationTests - [TraceId: None] [UserId: None] - Starting PlatformAdminServiceApplicationTests using Java 1.8.0_202 on Niranjan with PID 30484 (started by niran in D:\CampXSync\CampXSync\services\platform-admin-service)
2026-08-10 16:43:46.210 [main] DEBUG c.c.p.PlatformAdminServiceApplicationTests - [TraceId: None] [UserId: None] - Running with Spring Boot v2.7.18, Spring v5.3.31
2026-08-10 16:43:46.212 [main] INFO  c.c.p.PlatformAdminServiceApplicationTests - [TraceId: None] [UserId: None] - No active profile set, falling back to 1 default profile: "default"
2026-08-10 16:43:48.194 [main] INFO  c.c.p.s.i.InstituteManagementServiceImpl - [TraceId: None] [UserId: None] - Initialized InstituteManagementServiceImpl with sample institute inst-101
2026-08-10 16:43:50.384 [main] INFO  o.s.b.t.m.w.SpringBootMockServletContext - [TraceId: None] [UserId: None] - Initializing Spring TestDispatcherServlet ''
2026-08-10 16:43:50.384 [main] INFO  o.s.t.w.s.TestDispatcherServlet - [TraceId: None] [UserId: None] - Initializing Servlet ''
2026-08-10 16:43:50.404 [main] INFO  o.s.b.a.e.web.EndpointLinksResolver - [TraceId: None] [UserId: None] - Exposing 1 endpoint(s) beneath base path '/actuator'
2026-08-10 16:43:50.450 [main] INFO  o.s.t.w.s.TestDispatcherServlet - [TraceId: None] [UserId: None] - Completed initialization in 66 ms
2026-08-10 16:43:50.525 [main] INFO  c.c.p.PlatformAdminServiceApplicationTests - [TraceId: None] [UserId: None] - Started PlatformAdminServiceApplicationTests in 4.912 seconds (JVM running for 6.483)
2026-08-10 16:43:52.315 [main] INFO  c.c.p.s.i.BillingSubscriptionServiceImpl - [TraceId: None] [UserId: None] - Request to change plan for institutionId: inst-101 to plan-enterprise-v2
2026-08-10 16:43:52.320 [main] INFO  c.c.p.s.i.BillingSubscriptionServiceImpl - [TraceId: None] [UserId: None] - Successfully updated plan for institutionId: inst-101 to plan-enterprise-v2
2026-08-10 16:43:52.372 [main] DEBUG c.c.p.s.i.BillingSubscriptionServiceImpl - [TraceId: 91e26c2911914a788df517857e1c08dd] [UserId: None] - Fetching billing account for institutionId: inst-101
2026-08-10 16:43:52.485 [main] INFO  c.c.p.s.i.InstituteManagementServiceImpl - [TraceId: 91e26c2911914a788df517857e1c08dd] [UserId: None] - Request received to provision institute: name=Stanford University, subdomain=stanford
2026-08-10 16:43:52.486 [main] INFO  c.c.p.s.i.InstituteManagementServiceImpl - [TraceId: 91e26c2911914a788df517857e1c08dd] [UserId: None] - Successfully provisioned institute id=inst-171f6419 with status=onboarding
2026-08-10 16:43:52.613 [main] INFO  c.c.p.s.i.BillingSubscriptionServiceImpl - [TraceId: 91e26c2911914a788df517857e1c08dd] [UserId: None] - Request to change plan for institutionId: inst-101 to plan-invalid
2026-08-10 16:43:52.614 [main] ERROR c.c.p.s.i.BillingSubscriptionServiceImpl - [TraceId: 91e26c2911914a788df517857e1c08dd] [UserId: None] - Settlement failed during plan change for institutionId: inst-101. Reverting plan.
2026-08-10 16:48:38.297 [main] INFO  o.s.b.t.c.SpringBootTestContextBootstrapper - [TraceId: None] [UserId: None] - Neither @ContextConfiguration nor @ContextHierarchy found for test class [com.campsync.platform.PlatformAdminServiceApplicationTests], using SpringBootContextLoader
2026-08-10 16:48:38.307 [main] INFO  o.s.t.c.s.AbstractContextLoader - [TraceId: None] [UserId: None] - Could not detect default resource locations for test class [com.campsync.platform.PlatformAdminServiceApplicationTests]: no resource found for suffixes {-context.xml, Context.groovy}.
2026-08-10 16:48:38.309 [main] INFO  o.s.t.c.s.AnnotationConfigContextLoaderUtils - [TraceId: None] [UserId: None] - Could not detect default configuration classes for test class [com.campsync.platform.PlatformAdminServiceApplicationTests]: PlatformAdminServiceApplicationTests does not declare any static, non-private, non-final, nested classes annotated with @Configuration.
2026-08-10 16:48:38.504 [main] INFO  o.s.b.t.c.SpringBootTestContextBootstrapper - [TraceId: None] [UserId: None] - Found @SpringBootConfiguration com.campsync.platform.PlatformAdminServiceApplication for test class com.campsync.platform.PlatformAdminServiceApplicationTests
2026-08-10 16:48:38.660 [main] INFO  o.s.b.t.c.SpringBootTestContextBootstrapper - [TraceId: None] [UserId: None] - Loaded default TestExecutionListener class names from location [META-INF/spring.factories]: [org.springframework.boot.test.mock.mockito.MockitoTestExecutionListener, org.springframework.boot.test.mock.mockito.ResetMocksTestExecutionListener, org.springframework.boot.test.autoconfigure.restdocs.RestDocsTestExecutionListener, org.springframework.boot.test.autoconfigure.web.client.MockRestServiceServerResetTestExecutionListener, org.springframework.boot.test.autoconfigure.web.servlet.MockMvcPrintOnlyOnFailureTestExecutionListener, org.springframework.boot.test.autoconfigure.web.servlet.WebDriverTestExecutionListener, org.springframework.boot.test.autoconfigure.webservices.client.MockWebServiceServerTestExecutionListener, org.springframework.test.context.web.ServletTestExecutionListener, org.springframework.test.context.support.DirtiesContextBeforeModesTestExecutionListener, org.springframework.test.context.event.ApplicationEventsTestExecutionListener, org.springframework.test.context.support.DependencyInjectionTestExecutionListener, org.springframework.test.context.support.DirtiesContextTestExecutionListener, org.springframework.test.context.transaction.TransactionalTestExecutionListener, org.springframework.test.context.jdbc.SqlScriptsTestExecutionListener, org.springframework.test.context.event.EventPublishingTestExecutionListener]
2026-08-10 16:48:38.684 [main] INFO  o.s.b.t.c.SpringBootTestContextBootstrapper - [TraceId: None] [UserId: None] - Using TestExecutionListeners: [org.springframework.test.context.web.ServletTestExecutionListener@7354b8c5, org.springframework.test.context.support.DirtiesContextBeforeModesTestExecutionListener@20d7d6fb, org.springframework.test.context.event.ApplicationEventsTestExecutionListener@4ef782af, org.springframework.boot.test.mock.mockito.MockitoTestExecutionListener@11d8ae8b, org.springframework.boot.test.autoconfigure.SpringBootDependencyInjectionTestExecutionListener@479cbee5, org.springframework.test.context.support.DirtiesContextTestExecutionListener@59e2d8e3, org.springframework.test.context.event.EventPublishingTestExecutionListener@2b72cb8a, org.springframework.boot.test.mock.mockito.ResetMocksTestExecutionListener@7f8a9499, org.springframework.boot.test.autoconfigure.restdocs.RestDocsTestExecutionListener@5d43661b, org.springframework.boot.test.autoconfigure.web.client.MockRestServiceServerResetTestExecutionListener@12299890, org.springframework.boot.test.autoconfigure.web.servlet.MockMvcPrintOnlyOnFailureTestExecutionListener@2fba3fc4, org.springframework.boot.test.autoconfigure.web.servlet.WebDriverTestExecutionListener@4bf48f6, org.springframework.boot.test.autoconfigure.webservices.client.MockWebServiceServerTestExecutionListener@420a85c4]
2026-08-10 16:48:39.437 [background-preinit] INFO  o.h.validator.internal.util.Version - [TraceId: None] [UserId: None] - HV000001: Hibernate Validator 6.2.5.Final
2026-08-10 16:48:39.445 [main] INFO  c.c.p.PlatformAdminServiceApplicationTests - [TraceId: None] [UserId: None] - Starting PlatformAdminServiceApplicationTests using Java 1.8.0_202 on Niranjan with PID 30024 (started by niran in D:\CampXSync\CampXSync\services\platform-admin-service)
2026-08-10 16:48:39.447 [main] DEBUG c.c.p.PlatformAdminServiceApplicationTests - [TraceId: None] [UserId: None] - Running with Spring Boot v2.7.18, Spring v5.3.31
2026-08-10 16:48:39.448 [main] INFO  c.c.p.PlatformAdminServiceApplicationTests - [TraceId: None] [UserId: None] - No active profile set, falling back to 1 default profile: "default"
2026-08-10 16:48:43.368 [main] INFO  c.c.p.s.i.DataGovernanceServiceImpl - [TraceId: None] [UserId: None] - Initialized DataGovernanceServiceImpl with default retention policy pol-101
2026-08-10 16:48:43.391 [main] INFO  c.c.p.s.i.InstituteManagementServiceImpl - [TraceId: None] [UserId: None] - Initialized InstituteManagementServiceImpl with sample institute inst-101
2026-08-10 16:48:43.434 [main] INFO  c.c.p.s.i.PlatformConfigServiceImpl - [TraceId: None] [UserId: None] - Initialized PlatformConfigServiceImpl with global default configuration keys
2026-08-10 16:48:43.454 [main] INFO  c.c.p.s.impl.PlatformRbacServiceImpl - [TraceId: None] [UserId: None] - Initialized PlatformRbacServiceImpl with Super Admin role
2026-08-10 16:48:48.504 [main] INFO  o.s.b.t.m.w.SpringBootMockServletContext - [TraceId: None] [UserId: None] - Initializing Spring TestDispatcherServlet ''
2026-08-10 16:48:48.504 [main] INFO  o.s.t.w.s.TestDispatcherServlet - [TraceId: None] [UserId: None] - Initializing Servlet ''
2026-08-10 16:48:48.574 [main] INFO  o.s.b.a.e.web.EndpointLinksResolver - [TraceId: None] [UserId: None] - Exposing 1 endpoint(s) beneath base path '/actuator'
2026-08-10 16:48:48.969 [main] INFO  o.s.t.w.s.TestDispatcherServlet - [TraceId: None] [UserId: None] - Completed initialization in 463 ms
2026-08-10 16:48:49.137 [main] INFO  c.c.p.PlatformAdminServiceApplicationTests - [TraceId: None] [UserId: None] - Started PlatformAdminServiceApplicationTests in 10.385 seconds (JVM running for 12.117)
2026-08-10 16:48:50.994 [main] DEBUG c.c.p.s.i.PlatformConfigServiceImpl - [TraceId: None] [UserId: None] - Fetching all global platform configuration settings
2026-08-10 16:48:51.216 [main] INFO  c.c.p.s.impl.PlatformRbacServiceImpl - [TraceId: None] [UserId: None] - Creating platform role name='Support Ops Manager'
2026-08-10 16:48:52.064 [main] INFO  c.c.p.s.impl.PlatformRbacServiceImpl - [TraceId: None] [UserId: None] - Successfully created platform role id='role-3fceaf22', name='Support Ops Manager'
2026-08-10 16:48:52.229 [main] INFO  c.c.p.s.i.PlatformConfigServiceImpl - [TraceId: b548f801f3c44380b8c4b82365df8553] [UserId: None] - Updating platform config key='mfa_required' to value='false' by actor='admin-john'
2026-08-10 16:48:52.233 [main] INFO  c.c.p.s.i.PlatformConfigServiceImpl - [TraceId: b548f801f3c44380b8c4b82365df8553] [UserId: None] - Successfully updated config key='mfa_required'
2026-08-10 16:48:52.298 [main] INFO  c.c.p.s.i.BillingSubscriptionServiceImpl - [TraceId: b548f801f3c44380b8c4b82365df8553] [UserId: None] - Request to change plan for institutionId: inst-101 to plan-enterprise-v2
2026-08-10 16:48:52.303 [main] INFO  c.c.p.s.i.BillingSubscriptionServiceImpl - [TraceId: b548f801f3c44380b8c4b82365df8553] [UserId: None] - Successfully updated plan for institutionId: inst-101 to plan-enterprise-v2
2026-08-10 16:48:52.343 [main] DEBUG c.c.p.s.i.BillingSubscriptionServiceImpl - [TraceId: b548f801f3c44380b8c4b82365df8553] [UserId: None] - Fetching billing account for institutionId: inst-101
2026-08-10 16:48:52.400 [main] INFO  c.c.p.s.impl.PlatformRbacServiceImpl - [TraceId: b548f801f3c44380b8c4b82365df8553] [UserId: None] - Granting roleId='role-super-admin' to staffId='staff-revoke-test' by actor='super-admin'
2026-08-10 16:48:52.409 [main] INFO  c.c.p.s.impl.PlatformRbacServiceImpl - [TraceId: b548f801f3c44380b8c4b82365df8553] [UserId: None] - Successfully granted role assignmentId='assign-9c15ce4e'
2026-08-10 16:48:52.435 [main] INFO  c.c.p.s.impl.PlatformRbacServiceImpl - [TraceId: b548f801f3c44380b8c4b82365df8553] [UserId: None] - Granting roleId='role-super-admin' to staffId='staff-99' by actor='admin-super-1'
2026-08-10 16:48:52.436 [main] INFO  c.c.p.s.impl.PlatformRbacServiceImpl - [TraceId: b548f801f3c44380b8c4b82365df8553] [UserId: None] - Successfully granted role assignmentId='assign-18b8b558'
2026-08-10 16:48:52.492 [main] INFO  c.c.p.c.InstituteManagementController - [TraceId: b548f801f3c44380b8c4b82365df8553] [UserId: None] - REST POST /v1/institutes - Provisioning institute subdomain=stanford
2026-08-10 16:48:52.492 [main] INFO  c.c.p.s.i.InstituteManagementServiceImpl - [TraceId: b548f801f3c44380b8c4b82365df8553] [UserId: None] - Request received to provision institute: name=Stanford University, subdomain=stanford
2026-08-10 16:48:52.494 [main] INFO  c.c.p.s.i.InstituteManagementServiceImpl - [TraceId: b548f801f3c44380b8c4b82365df8553] [UserId: None] - Successfully provisioned institute id=inst-4a0a47ba with status=onboarding
2026-08-10 16:48:52.524 [main] INFO  c.c.p.s.i.DataGovernanceServiceImpl - [TraceId: b548f801f3c44380b8c4b82365df8553] [UserId: None] - Creating policy name='Data Residency EU-Central', type='residency', appliesTo='all'
2026-08-10 16:48:52.524 [main] INFO  c.c.p.s.i.DataGovernanceServiceImpl - [TraceId: b548f801f3c44380b8c4b82365df8553] [UserId: None] - Successfully created policy id='pol-6cf31155'
2026-08-10 16:48:52.716 [main] INFO  c.c.p.s.i.BillingSubscriptionServiceImpl - [TraceId: b548f801f3c44380b8c4b82365df8553] [UserId: None] - Request to change plan for institutionId: inst-101 to plan-invalid
2026-08-10 16:48:52.717 [main] ERROR c.c.p.s.i.BillingSubscriptionServiceImpl - [TraceId: b548f801f3c44380b8c4b82365df8553] [UserId: None] - Settlement failed during plan change for institutionId: inst-101. Reverting plan.
